src/components/player/global-audio-player.tsx(96,7): error TS2353: Object literal may only specify known properties, and 'onloaderror' does not exist in type 'AudioLoadOptions'.
src/components/player/global-video-player.tsx(21,28): error TS2749: 'ReactPlayer' refers to a value, but is being used as a type here. Did you mean 'typeof ReactPlayer'?
src/components/player/global-video-player.tsx(89,17): error TS2353: Object literal may only specify known properties, and 'playerVars' does not exist in type '{ cc_lang_pref?: string | undefined; cc_load_policy?: 0 | 1 | undefined; color?: "red" | "white" | undefined; disablekb?: 0 | 1 | undefined; enablejsapi?: 0 | 1 | undefined; end?: number | undefined; ... 8 more ...; referrerpolicy?: string | undefined; }'.
